// Jest Snapshot v1, https://goo.gl/fbAQLP

exports[`App renders App 1`] = `
<DocumentFragment>
  <div
    class="App"
  >
    <h1>
      React Test
    </h1>
    <img
      alt="nasaLogo"
      class="nasa-logo"
      src="https://cdn.cnn.com/cnnnext/dam/assets/200424060716-nasa-worm-logo.jpg"
    />
    <h1
      class="input"
    >
      The Moon
    </h1>
  </div>
</DocumentFragment>
`;
