// Jest Snapshot v1, https://goo.gl/fbAQLP

exports[`renders search to dom renders Search 1`] = `
<DocumentFragment>
  render to screen Dvf
</DocumentFragment>
`;
